
Allocating common symbols
Common symbol       size              file

delayTime           0x4               ..\obj\Delay.o

Discarded input sections

 .text          0x00000000        0x0 ..\obj\LCD_Config.o
 .data          0x00000000        0x0 ..\obj\LCD_Config.o
 .bss           0x00000000        0x0 ..\obj\LCD_Config.o
 .text.LCD_BGR2RGB
                0x00000000       0x48 ..\obj\LCD_Config.o
 .text          0x00000000        0x0 ..\obj\startup_stm32f4xx.o
 .data          0x00000000        0x0 ..\obj\startup_stm32f4xx.o
 .bss           0x00000000        0x0 ..\obj\startup_stm32f4xx.o
 .text          0x00000000        0x0 ..\obj\main.o
 .data          0x00000000        0x0 ..\obj\main.o
 .bss           0x00000000        0x0 ..\obj\main.o
 .text          0x00000000        0x0 ..\obj\stm32f4xx_rcc.o
 .data          0x00000000       0x10 ..\obj\stm32f4xx_rcc.o
 .bss           0x00000000        0x0 ..\obj\stm32f4xx_rcc.o
 .text.RCC_DeInit
                0x00000000       0x50 ..\obj\stm32f4xx_rcc.o
 .text.RCC_HSEConfig
                0x00000000       0x24 ..\obj\stm32f4xx_rcc.o
 .text.RCC_WaitForHSEStartUp
                0x00000000       0x50 ..\obj\stm32f4xx_rcc.o
 .text.RCC_AdjustHSICalibrationValue
                0x00000000       0x3c ..\obj\stm32f4xx_rcc.o
 .text.RCC_HSICmd
                0x00000000       0x20 ..\obj\stm32f4xx_rcc.o
 .text.RCC_LSEConfig
                0x00000000       0x40 ..\obj\stm32f4xx_rcc.o
 .text.RCC_LSICmd
                0x00000000       0x20 ..\obj\stm32f4xx_rcc.o
 .text.RCC_PLLConfig
                0x00000000       0x3c ..\obj\stm32f4xx_rcc.o
 .text.RCC_PLLCmd
                0x00000000       0x20 ..\obj\stm32f4xx_rcc.o
 .text.RCC_PLLI2SConfig
                0x00000000       0x28 ..\obj\stm32f4xx_rcc.o
 .text.RCC_PLLI2SCmd
                0x00000000       0x20 ..\obj\stm32f4xx_rcc.o
 .text.RCC_ClockSecuritySystemCmd
                0x00000000       0x20 ..\obj\stm32f4xx_rcc.o
 .text.RCC_MCO1Config
                0x00000000       0x3c ..\obj\stm32f4xx_rcc.o
 .text.RCC_MCO2Config
                0x00000000       0x3c ..\obj\stm32f4xx_rcc.o
 .text.RCC_SYSCLKConfig
                0x00000000       0x38 ..\obj\stm32f4xx_rcc.o
 .text.RCC_GetSYSCLKSource
                0x00000000       0x20 ..\obj\stm32f4xx_rcc.o
 .text.RCC_HCLKConfig
                0x00000000       0x38 ..\obj\stm32f4xx_rcc.o
 .text.RCC_PCLK1Config
                0x00000000       0x38 ..\obj\stm32f4xx_rcc.o
 .text.RCC_PCLK2Config
                0x00000000       0x38 ..\obj\stm32f4xx_rcc.o
 .text.RCC_GetClocksFreq
                0x00000000      0x154 ..\obj\stm32f4xx_rcc.o
 .text.RCC_RTCCLKConfig
                0x00000000       0x5c ..\obj\stm32f4xx_rcc.o
 .text.RCC_RTCCLKCmd
                0x00000000       0x20 ..\obj\stm32f4xx_rcc.o
 .text.RCC_BackupResetCmd
                0x00000000       0x20 ..\obj\stm32f4xx_rcc.o
 .text.RCC_I2SCLKConfig
                0x00000000       0x1c ..\obj\stm32f4xx_rcc.o
 .text.RCC_AHB2PeriphClockCmd
                0x00000000       0x3c ..\obj\stm32f4xx_rcc.o
 .text.RCC_APB2PeriphClockCmd
                0x00000000       0x3c ..\obj\stm32f4xx_rcc.o
 .text.RCC_AHB1PeriphResetCmd
                0x00000000       0x3c ..\obj\stm32f4xx_rcc.o
 .text.RCC_AHB2PeriphResetCmd
                0x00000000       0x3c ..\obj\stm32f4xx_rcc.o
 .text.RCC_AHB3PeriphResetCmd
                0x00000000       0x3c ..\obj\stm32f4xx_rcc.o
 .text.RCC_APB1PeriphResetCmd
                0x00000000       0x3c ..\obj\stm32f4xx_rcc.o
 .text.RCC_APB2PeriphResetCmd
                0x00000000       0x3c ..\obj\stm32f4xx_rcc.o
 .text.RCC_AHB1PeriphClockLPModeCmd
                0x00000000       0x3c ..\obj\stm32f4xx_rcc.o
 .text.RCC_AHB2PeriphClockLPModeCmd
                0x00000000       0x3c ..\obj\stm32f4xx_rcc.o
 .text.RCC_AHB3PeriphClockLPModeCmd
                0x00000000       0x3c ..\obj\stm32f4xx_rcc.o
 .text.RCC_APB1PeriphClockLPModeCmd
                0x00000000       0x3c ..\obj\stm32f4xx_rcc.o
 .text.RCC_APB2PeriphClockLPModeCmd
                0x00000000       0x3c ..\obj\stm32f4xx_rcc.o
 .text.RCC_ITConfig
                0x00000000       0x4c ..\obj\stm32f4xx_rcc.o
 .text.RCC_GetFlagStatus
                0x00000000       0x74 ..\obj\stm32f4xx_rcc.o
 .text.RCC_ClearFlag
                0x00000000       0x1c ..\obj\stm32f4xx_rcc.o
 .text.RCC_GetITStatus
                0x00000000       0x38 ..\obj\stm32f4xx_rcc.o
 .text.RCC_ClearITPendingBit
                0x00000000       0x20 ..\obj\stm32f4xx_rcc.o
 .text          0x00000000        0x0 ..\obj\Test.o
 .data          0x00000000        0x0 ..\obj\Test.o
 .bss           0x00000000        0x0 ..\obj\Test.o
 .text.Test     0x00000000       0x34 ..\obj\Test.o
 .debug_info    0x00000000       0xa7 ..\obj\Test.o
 .debug_abbrev  0x00000000       0x65 ..\obj\Test.o
 .debug_aranges
                0x00000000       0x20 ..\obj\Test.o
 .debug_ranges  0x00000000       0x10 ..\obj\Test.o
 .debug_line    0x00000000      0x13c ..\obj\Test.o
 .debug_str     0x00000000      0x14a ..\obj\Test.o
 .comment       0x00000000       0x71 ..\obj\Test.o
 .debug_frame   0x00000000       0x2c ..\obj\Test.o
 .ARM.attributes
                0x00000000       0x33 ..\obj\Test.o
 .text          0x00000000        0x0 ..\obj\Delay.o
 .data          0x00000000        0x0 ..\obj\Delay.o
 .bss           0x00000000        0x0 ..\obj\Delay.o
 .text          0x00000000        0x0 ..\obj\LCD_Functions.o
 .data          0x00000000        0x0 ..\obj\LCD_Functions.o
 .bss           0x00000000        0x0 ..\obj\LCD_Functions.o
 .text.Chk_Busy_BTE
                0x00000000       0x20 ..\obj\LCD_Functions.o
 .text.Chk_Busy_DIR_Access
                0x00000000       0x20 ..\obj\LCD_Functions.o
 .text.Chk_DMA_Busy
                0x00000000       0x24 ..\obj\LCD_Functions.o
 .text.Normal_Mode_exitSleep
                0x00000000       0x10 ..\obj\LCD_Functions.o
 .text.Sleep_Mode
                0x00000000       0x10 ..\obj\LCD_Functions.o
 .text.Software_Reset
                0x00000000       0x1c ..\obj\LCD_Functions.o
 .text.PCLK_inversion
                0x00000000       0x28 ..\obj\LCD_Functions.o
 .text.PCLK_non_inversion
                0x00000000       0x28 ..\obj\LCD_Functions.o
 .text.PCLK_width
                0x00000000       0x34 ..\obj\LCD_Functions.o
 .text.Serial_ROM_select0
                0x00000000       0x28 ..\obj\LCD_Functions.o
 .text.Serial_ROM_select1
                0x00000000       0x28 ..\obj\LCD_Functions.o
 .text.Background_color
                0x00000000       0x38 ..\obj\LCD_Functions.o
 .text.Graphic_Mode
                0x00000000       0x28 ..\obj\LCD_Functions.o
 .text.Memory_Clear
                0x00000000       0x14 ..\obj\LCD_Functions.o
 .text.ActiveWindow_Clear
                0x00000000       0x14 ..\obj\LCD_Functions.o
 .text          0x00000000        0x0 ..\obj\LCD_Interface.o
 .data          0x00000000        0x0 ..\obj\LCD_Interface.o
 .bss           0x00000000        0x0 ..\obj\LCD_Interface.o
 .text.LCD_ReadData
                0x00000000       0x18 ..\obj\LCD_Interface.o
 .text.LCD_ReadReg
                0x00000000       0x20 ..\obj\LCD_Interface.o
 .text          0x00000000        0x0 ..\obj\stm32f4xx_fsmc.o
 .data          0x00000000        0x0 ..\obj\stm32f4xx_fsmc.o
 .bss           0x00000000        0x0 ..\obj\stm32f4xx_fsmc.o
 .text.FSMC_NORSRAMDeInit
                0x00000000       0x58 ..\obj\stm32f4xx_fsmc.o
 .text.FSMC_NORSRAMStructInit
                0x00000000       0xd4 ..\obj\stm32f4xx_fsmc.o
 .text.FSMC_NANDDeInit
                0x00000000       0x5c ..\obj\stm32f4xx_fsmc.o
 .text.FSMC_NANDInit
                0x00000000       0xcc ..\obj\stm32f4xx_fsmc.o
 .text.FSMC_NANDStructInit
                0x00000000       0x7c ..\obj\stm32f4xx_fsmc.o
 .text.FSMC_NANDCmd
                0x00000000       0x6c ..\obj\stm32f4xx_fsmc.o
 .text.FSMC_NANDECCCmd
                0x00000000       0x6c ..\obj\stm32f4xx_fsmc.o
 .text.FSMC_GetECC
                0x00000000       0x38 ..\obj\stm32f4xx_fsmc.o
 .text.FSMC_PCCARDDeInit
                0x00000000       0x34 ..\obj\stm32f4xx_fsmc.o
 .text.FSMC_PCCARDInit
                0x00000000       0xac ..\obj\stm32f4xx_fsmc.o
 .text.FSMC_PCCARDStructInit
                0x00000000       0x84 ..\obj\stm32f4xx_fsmc.o
 .text.FSMC_PCCARDCmd
                0x00000000       0x3c ..\obj\stm32f4xx_fsmc.o
 .text.FSMC_ITConfig
                0x00000000       0xa0 ..\obj\stm32f4xx_fsmc.o
 .text.FSMC_GetFlagStatus
                0x00000000       0x64 ..\obj\stm32f4xx_fsmc.o
 .text.FSMC_ClearFlag
                0x00000000       0x5c ..\obj\stm32f4xx_fsmc.o
 .text.FSMC_GetITStatus
                0x00000000       0x80 ..\obj\stm32f4xx_fsmc.o
 .text.FSMC_ClearITPendingBit
                0x00000000       0x64 ..\obj\stm32f4xx_fsmc.o
 .text          0x00000000        0x0 ..\obj\stm32f4xx_gpio.o
 .data          0x00000000        0x0 ..\obj\stm32f4xx_gpio.o
 .bss           0x00000000        0x0 ..\obj\stm32f4xx_gpio.o
 .text.GPIO_DeInit
                0x00000000      0x120 ..\obj\stm32f4xx_gpio.o
 .text.GPIO_StructInit
                0x00000000       0x34 ..\obj\stm32f4xx_gpio.o
 .text.GPIO_PinLockConfig
                0x00000000       0x44 ..\obj\stm32f4xx_gpio.o
 .text.GPIO_ReadInputDataBit
                0x00000000       0x34 ..\obj\stm32f4xx_gpio.o
 .text.GPIO_ReadInputData
                0x00000000       0x1c ..\obj\stm32f4xx_gpio.o
 .text.GPIO_ReadOutputDataBit
                0x00000000       0x34 ..\obj\stm32f4xx_gpio.o
 .text.GPIO_ReadOutputData
                0x00000000       0x1c ..\obj\stm32f4xx_gpio.o
 .text.GPIO_WriteBit
                0x00000000       0x30 ..\obj\stm32f4xx_gpio.o
 .text.GPIO_Write
                0x00000000       0x1c ..\obj\stm32f4xx_gpio.o
 .text.GPIO_ToggleBits
                0x00000000       0x24 ..\obj\stm32f4xx_gpio.o
 .text          0x00000000        0x0 ..\obj\stm32f4xx_flash.o
 .data          0x00000000        0x0 ..\obj\stm32f4xx_flash.o
 .bss           0x00000000        0x0 ..\obj\stm32f4xx_flash.o
 .text.FLASH_SetLatency
                0x00000000       0x20 ..\obj\stm32f4xx_flash.o
 .text.FLASH_PrefetchBufferCmd
                0x00000000       0x38 ..\obj\stm32f4xx_flash.o
 .text.FLASH_InstructionCacheCmd
                0x00000000       0x38 ..\obj\stm32f4xx_flash.o
 .text.FLASH_DataCacheCmd
                0x00000000       0x38 ..\obj\stm32f4xx_flash.o
 .text.FLASH_InstructionCacheReset
                0x00000000       0x1c ..\obj\stm32f4xx_flash.o
 .text.FLASH_DataCacheReset
                0x00000000       0x1c ..\obj\stm32f4xx_flash.o
 .text.FLASH_Unlock
                0x00000000       0x2c ..\obj\stm32f4xx_flash.o
 .text.FLASH_Lock
                0x00000000       0x1c ..\obj\stm32f4xx_flash.o
 .text.FLASH_EraseSector
                0x00000000       0xc0 ..\obj\stm32f4xx_flash.o
 .text.FLASH_EraseAllSectors
                0x00000000       0xa0 ..\obj\stm32f4xx_flash.o
 .text.FLASH_ProgramDoubleWord
                0x00000000       0x70 ..\obj\stm32f4xx_flash.o
 .text.FLASH_ProgramWord
                0x00000000       0x68 ..\obj\stm32f4xx_flash.o
 .text.FLASH_ProgramHalfWord
                0x00000000       0x6c ..\obj\stm32f4xx_flash.o
 .text.FLASH_ProgramByte
                0x00000000       0x68 ..\obj\stm32f4xx_flash.o
 .text.FLASH_OB_Unlock
                0x00000000       0x30 ..\obj\stm32f4xx_flash.o
 .text.FLASH_OB_Lock
                0x00000000       0x1c ..\obj\stm32f4xx_flash.o
 .text.FLASH_OB_WRPConfig
                0x00000000       0x58 ..\obj\stm32f4xx_flash.o
 .text.FLASH_OB_RDPConfig
                0x00000000       0x2c ..\obj\stm32f4xx_flash.o
 .text.FLASH_OB_UserConfig
                0x00000000       0x58 ..\obj\stm32f4xx_flash.o
 .text.FLASH_OB_BORConfig
                0x00000000       0x38 ..\obj\stm32f4xx_flash.o
 .text.FLASH_OB_Launch
                0x00000000       0x30 ..\obj\stm32f4xx_flash.o
 .text.FLASH_OB_GetUser
                0x00000000       0x1c ..\obj\stm32f4xx_flash.o
 .text.FLASH_OB_GetWRP
                0x00000000       0x18 ..\obj\stm32f4xx_flash.o
 .text.FLASH_OB_GetRDP
                0x00000000       0x30 ..\obj\stm32f4xx_flash.o
 .text.FLASH_OB_GetBOR
                0x00000000       0x20 ..\obj\stm32f4xx_flash.o
 .text.FLASH_ITConfig
                0x00000000       0x3c ..\obj\stm32f4xx_flash.o
 .text.FLASH_GetFlagStatus
                0x00000000       0x34 ..\obj\stm32f4xx_flash.o
 .text.FLASH_ClearFlag
                0x00000000       0x1c ..\obj\stm32f4xx_flash.o
 .text.FLASH_GetStatus
                0x00000000       0x68 ..\obj\stm32f4xx_flash.o
 .text.FLASH_WaitForLastOperation
                0x00000000       0x30 ..\obj\stm32f4xx_flash.o
 .debug_info    0x00000000      0x71b ..\obj\stm32f4xx_flash.o
 .debug_abbrev  0x00000000      0x1ae ..\obj\stm32f4xx_flash.o
 .debug_aranges
                0x00000000      0x108 ..\obj\stm32f4xx_flash.o
 .debug_ranges  0x00000000       0xf8 ..\obj\stm32f4xx_flash.o
 .debug_line    0x00000000      0x43a ..\obj\stm32f4xx_flash.o
 .debug_str     0x00000000      0x57b ..\obj\stm32f4xx_flash.o
 .comment       0x00000000       0x71 ..\obj\stm32f4xx_flash.o
 .debug_frame   0x00000000      0x44c ..\obj\stm32f4xx_flash.o
 .ARM.attributes
                0x00000000       0x33 ..\obj\stm32f4xx_flash.o
 .text          0x00000000        0x0 ..\obj\system_stm32f4xx.o
 .bss           0x00000000        0x0 ..\obj\system_stm32f4xx.o
 .text.SystemCoreClockUpdate
                0x00000000       0xf8 ..\obj\system_stm32f4xx.o
 .text          0x00000000        0x0 ..\obj\syscalls.o
 .data          0x00000000        0x0 ..\obj\syscalls.o
 .bss           0x00000000        0x4 ..\obj\syscalls.o
 .text._sbrk    0x00000000       0x40 ..\obj\syscalls.o
 .text.link     0x00000000       0x1c ..\obj\syscalls.o
 .text._close   0x00000000       0x18 ..\obj\syscalls.o
 .text._fstat   0x00000000       0x20 ..\obj\syscalls.o
 .text._isatty  0x00000000       0x18 ..\obj\syscalls.o
 .text._lseek   0x00000000       0x1c ..\obj\syscalls.o
 .text._read    0x00000000       0x1c ..\obj\syscalls.o
 .text._write   0x00000000       0x1c ..\obj\syscalls.o
 .text.abort    0x00000000        0x8 ..\obj\syscalls.o
 .debug_info    0x00000000      0x3ee ..\obj\syscalls.o
 .debug_abbrev  0x00000000       0xe2 ..\obj\syscalls.o
 .debug_aranges
                0x00000000       0x60 ..\obj\syscalls.o
 .debug_ranges  0x00000000       0x50 ..\obj\syscalls.o
 .debug_line    0x00000000      0x161 ..\obj\syscalls.o
 .debug_str     0x00000000      0x2a4 ..\obj\syscalls.o
 .comment       0x00000000       0x71 ..\obj\syscalls.o
 .debug_frame   0x00000000      0x168 ..\obj\syscalls.o
 .ARM.attributes
                0x00000000       0x33 ..\obj\syscalls.o
 .text          0x00000000        0x0 ..\obj\misc.o
 .data          0x00000000        0x0 ..\obj\misc.o
 .bss           0x00000000        0x0 ..\obj\misc.o
 .text.NVIC_PriorityGroupConfig
                0x00000000       0x24 ..\obj\misc.o
 .text.NVIC_Init
                0x00000000       0xc0 ..\obj\misc.o
 .text.NVIC_SetVectorTable
                0x00000000       0x2c ..\obj\misc.o
 .text.NVIC_SystemLPConfig
                0x00000000       0x40 ..\obj\misc.o
 .text.SysTick_CLKSourceConfig
                0x00000000       0x38 ..\obj\misc.o
 .debug_info    0x00000000      0x53d ..\obj\misc.o
 .debug_abbrev  0x00000000      0x145 ..\obj\misc.o
 .debug_aranges
                0x00000000       0x40 ..\obj\misc.o
 .debug_ranges  0x00000000       0x30 ..\obj\misc.o
 .debug_line    0x00000000      0x1f8 ..\obj\misc.o
 .debug_str     0x00000000      0x3b7 ..\obj\misc.o
 .comment       0x00000000       0x71 ..\obj\misc.o
 .debug_frame   0x00000000       0xd8 ..\obj\misc.o
 .ARM.attributes
                0x00000000       0x33 ..\obj\misc.o
 .text          0x00000000        0x0 ..\obj\stm32f4xx_tim.o
 .data          0x00000000        0x0 ..\obj\stm32f4xx_tim.o
 .bss           0x00000000        0x0 ..\obj\stm32f4xx_tim.o
 .text.TIM_DeInit
                0x00000000      0x1bc ..\obj\stm32f4xx_tim.o
 .text.TIM_TimeBaseStructInit
                0x00000000       0x34 ..\obj\stm32f4xx_tim.o
 .text.TIM_PrescalerConfig
                0x00000000       0x28 ..\obj\stm32f4xx_tim.o
 .text.TIM_CounterModeConfig
                0x00000000       0x38 ..\obj\stm32f4xx_tim.o
 .text.TIM_SetCounter
                0x00000000       0x1c ..\obj\stm32f4xx_tim.o
 .text.TIM_SetAutoreload
                0x00000000       0x1c ..\obj\stm32f4xx_tim.o
 .text.TIM_GetCounter
                0x00000000       0x18 ..\obj\stm32f4xx_tim.o
 .text.TIM_GetPrescaler
                0x00000000       0x1c ..\obj\stm32f4xx_tim.o
 .text.TIM_UpdateDisableConfig
                0x00000000       0x40 ..\obj\stm32f4xx_tim.o
 .text.TIM_UpdateRequestConfig
                0x00000000       0x40 ..\obj\stm32f4xx_tim.o
 .text.TIM_ARRPreloadConfig
                0x00000000       0x40 ..\obj\stm32f4xx_tim.o
 .text.TIM_SelectOnePulseMode
                0x00000000       0x38 ..\obj\stm32f4xx_tim.o
 .text.TIM_SetClockDivision
                0x00000000       0x38 ..\obj\stm32f4xx_tim.o
 .text.TIM_OC2Init
                0x00000000      0x110 ..\obj\stm32f4xx_tim.o
 .text.TIM_OC3Init
                0x00000000      0x10c ..\obj\stm32f4xx_tim.o
 .text.TIM_OC4Init
                0x00000000       0xcc ..\obj\stm32f4xx_tim.o
 .text.TIM_OCStructInit
                0x00000000       0x44 ..\obj\stm32f4xx_tim.o
 .text.TIM_SelectOCxM
                0x00000000       0xb0 ..\obj\stm32f4xx_tim.o
 .text.TIM_SetCompare1
                0x00000000       0x1c ..\obj\stm32f4xx_tim.o
 .text.TIM_SetCompare2
                0x00000000       0x1c ..\obj\stm32f4xx_tim.o
 .text.TIM_SetCompare3
                0x00000000       0x1c ..\obj\stm32f4xx_tim.o
 .text.TIM_SetCompare4
                0x00000000       0x1c ..\obj\stm32f4xx_tim.o
 .text.TIM_ForcedOC1Config
                0x00000000       0x38 ..\obj\stm32f4xx_tim.o
 .text.TIM_ForcedOC2Config
                0x00000000       0x3c ..\obj\stm32f4xx_tim.o
 .text.TIM_ForcedOC3Config
                0x00000000       0x38 ..\obj\stm32f4xx_tim.o
 .text.TIM_ForcedOC4Config
                0x00000000       0x3c ..\obj\stm32f4xx_tim.o
 .text.TIM_OC2PreloadConfig
                0x00000000       0x3c ..\obj\stm32f4xx_tim.o
 .text.TIM_OC3PreloadConfig
                0x00000000       0x38 ..\obj\stm32f4xx_tim.o
 .text.TIM_OC4PreloadConfig
                0x00000000       0x3c ..\obj\stm32f4xx_tim.o
 .text.TIM_OC1FastConfig
                0x00000000       0x38 ..\obj\stm32f4xx_tim.o
 .text.TIM_OC2FastConfig
                0x00000000       0x3c ..\obj\stm32f4xx_tim.o
 .text.TIM_OC3FastConfig
                0x00000000       0x38 ..\obj\stm32f4xx_tim.o
 .text.TIM_OC4FastConfig
                0x00000000       0x3c ..\obj\stm32f4xx_tim.o
 .text.TIM_ClearOC1Ref
                0x00000000       0x38 ..\obj\stm32f4xx_tim.o
 .text.TIM_ClearOC2Ref
                0x00000000       0x3c ..\obj\stm32f4xx_tim.o
 .text.TIM_ClearOC3Ref
                0x00000000       0x38 ..\obj\stm32f4xx_tim.o
 .text.TIM_ClearOC4Ref
                0x00000000       0x3c ..\obj\stm32f4xx_tim.o
 .text.TIM_OC1PolarityConfig
                0x00000000       0x38 ..\obj\stm32f4xx_tim.o
 .text.TIM_OC1NPolarityConfig
                0x00000000       0x38 ..\obj\stm32f4xx_tim.o
 .text.TIM_OC2PolarityConfig
                0x00000000       0x3c ..\obj\stm32f4xx_tim.o
 .text.TIM_OC2NPolarityConfig
                0x00000000       0x3c ..\obj\stm32f4xx_tim.o
 .text.TIM_OC3PolarityConfig
                0x00000000       0x3c ..\obj\stm32f4xx_tim.o
 .text.TIM_OC3NPolarityConfig
                0x00000000       0x3c ..\obj\stm32f4xx_tim.o
 .text.TIM_OC4PolarityConfig
                0x00000000       0x3c ..\obj\stm32f4xx_tim.o
 .text.TIM_CCxCmd
                0x00000000       0x54 ..\obj\stm32f4xx_tim.o
 .text.TIM_CCxNCmd
                0x00000000       0x54 ..\obj\stm32f4xx_tim.o
 .text.TIM_ICInit
                0x00000000       0xa8 ..\obj\stm32f4xx_tim.o
 .text.TIM_ICStructInit
                0x00000000       0x30 ..\obj\stm32f4xx_tim.o
 .text.TIM_PWMIConfig
                0x00000000       0xb8 ..\obj\stm32f4xx_tim.o
 .text.TIM_GetCapture1
                0x00000000       0x18 ..\obj\stm32f4xx_tim.o
 .text.TIM_GetCapture2
                0x00000000       0x18 ..\obj\stm32f4xx_tim.o
 .text.TIM_GetCapture3
                0x00000000       0x18 ..\obj\stm32f4xx_tim.o
 .text.TIM_GetCapture4
                0x00000000       0x18 ..\obj\stm32f4xx_tim.o
 .text.TIM_SetIC1Prescaler
                0x00000000       0x38 ..\obj\stm32f4xx_tim.o
 .text.TIM_SetIC2Prescaler
                0x00000000       0x3c ..\obj\stm32f4xx_tim.o
 .text.TIM_SetIC3Prescaler
                0x00000000       0x38 ..\obj\stm32f4xx_tim.o
 .text.TIM_SetIC4Prescaler
                0x00000000       0x3c ..\obj\stm32f4xx_tim.o
 .text.TIM_BDTRConfig
                0x00000000       0x50 ..\obj\stm32f4xx_tim.o
 .text.TIM_BDTRStructInit
                0x00000000       0x3c ..\obj\stm32f4xx_tim.o
 .text.TIM_CtrlPWMOutputs
                0x00000000       0x4c ..\obj\stm32f4xx_tim.o
 .text.TIM_SelectCOM
                0x00000000       0x40 ..\obj\stm32f4xx_tim.o
 .text.TIM_CCPreloadControl
                0x00000000       0x40 ..\obj\stm32f4xx_tim.o
 .text.TIM_ITConfig
                0x00000000       0x48 ..\obj\stm32f4xx_tim.o
 .text.TIM_GenerateEvent
                0x00000000       0x1c ..\obj\stm32f4xx_tim.o
 .text.TIM_GetFlagStatus
                0x00000000       0x38 ..\obj\stm32f4xx_tim.o
 .text.TIM_ClearFlag
                0x00000000       0x20 ..\obj\stm32f4xx_tim.o
 .text.TIM_GetITStatus
                0x00000000       0x54 ..\obj\stm32f4xx_tim.o
 .text.TIM_ClearITPendingBit
                0x00000000       0x20 ..\obj\stm32f4xx_tim.o
 .text.TIM_DMAConfig
                0x00000000       0x28 ..\obj\stm32f4xx_tim.o
 .text.TIM_DMACmd
                0x00000000       0x48 ..\obj\stm32f4xx_tim.o
 .text.TIM_SelectCCDMA
                0x00000000       0x40 ..\obj\stm32f4xx_tim.o
 .text.TIM_InternalClockConfig
                0x00000000       0x24 ..\obj\stm32f4xx_tim.o
 .text.TIM_ITRxExternalClockConfig
                0x00000000       0x2c ..\obj\stm32f4xx_tim.o
 .text.TIM_TIxExternalClockConfig
                0x00000000       0x60 ..\obj\stm32f4xx_tim.o
 .text.TIM_ETRClockMode1Config
                0x00000000       0x5c ..\obj\stm32f4xx_tim.o
 .text.TIM_ETRClockMode2Config
                0x00000000       0x3c ..\obj\stm32f4xx_tim.o
 .text.TIM_SelectInputTrigger
                0x00000000       0x38 ..\obj\stm32f4xx_tim.o
 .text.TIM_SelectOutputTrigger
                0x00000000       0x38 ..\obj\stm32f4xx_tim.o
 .text.TIM_SelectSlaveMode
                0x00000000       0x38 ..\obj\stm32f4xx_tim.o
 .text.TIM_SelectMasterSlaveMode
                0x00000000       0x38 ..\obj\stm32f4xx_tim.o
 .text.TIM_ETRConfig
                0x00000000       0x54 ..\obj\stm32f4xx_tim.o
 .text.TIM_EncoderInterfaceConfig
                0x00000000       0x98 ..\obj\stm32f4xx_tim.o
 .text.TIM_SelectHallSensor
                0x00000000       0x40 ..\obj\stm32f4xx_tim.o
 .text.TIM_RemapConfig
                0x00000000       0x20 ..\obj\stm32f4xx_tim.o
 .text.TI1_Config
                0x00000000       0x84 ..\obj\stm32f4xx_tim.o
 .text.TI2_Config
                0x00000000       0x98 ..\obj\stm32f4xx_tim.o
 .text.TI3_Config
                0x00000000       0x90 ..\obj\stm32f4xx_tim.o
 .text.TI4_Config
                0x00000000       0x9c ..\obj\stm32f4xx_tim.o

Memory Configuration

Name             Origin             Length             Attributes
rom              0x08000000         0x00100000         xr
ram              0x20000000         0x00020000         xrw
ram1             0x10000000         0x00010000         xrw
*default*        0x00000000         0xffffffff

Linker script and memory map

                0x20020000                _eram = 0x20020000

.text           0x08000000     0x1194
 *(.isr_vector)
 .isr_vector    0x08000000      0x188 ..\obj\startup_stm32f4xx.o
                0x08000000                g_pfnVectors
 *(.text*)
 .text.InitializeTimer
                0x08000188       0x40 ..\obj\LCD_Config.o
                0x08000188                InitializeTimer
 .text.InitializePWM_TIM4
                0x080001c8       0x48 ..\obj\LCD_Config.o
                0x080001c8                InitializePWM_TIM4
 .text.LCD_CtrlLinesFSMC
                0x08000210      0x11c ..\obj\LCD_Config.o
 .text.LCD_CtrlLinesConfig
                0x0800032c       0x70 ..\obj\LCD_Config.o
 .text.LCD_FSMCConfig
                0x0800039c       0x78 ..\obj\LCD_Config.o
 .text.LCD_Configuration
                0x08000414       0x24 ..\obj\LCD_Config.o
 .text.LCD_Initialization
                0x08000438       0xdc ..\obj\LCD_Config.o
                0x08000438                LCD_Initialization
 .text.PLL_init
                0x08000514       0x24 ..\obj\LCD_Config.o
                0x08000514                PLL_init
 .text.Default_Reset_Handler
                0x08000538       0x58 ..\obj\startup_stm32f4xx.o
                0x08000538                Default_Reset_Handler
                0x08000538                Reset_Handler
 .text.Default_Handler
                0x08000590        0x8 ..\obj\startup_stm32f4xx.o
                0x08000590                RTC_Alarm_IRQHandler
                0x08000590                HASH_RNG_IRQHandler
                0x08000590                EXTI2_IRQHandler
                0x08000590                TIM8_CC_IRQHandler
                0x08000590                DebugMon_Handler
                0x08000590                TIM1_CC_IRQHandler
                0x08000590                DMA2_Stream5_IRQHandler
                0x08000590                HardFault_Handler
                0x08000590                DMA1_Stream5_IRQHandler
                0x08000590                PVD_IRQHandler
                0x08000590                SDIO_IRQHandler
                0x08000590                TAMP_STAMP_IRQHandler
                0x08000590                PendSV_Handler
                0x08000590                NMI_Handler
                0x08000590                CAN2_RX1_IRQHandler
                0x08000590                EXTI3_IRQHandler
                0x08000590                TIM8_TRG_COM_TIM14_IRQHandler
                0x08000590                TIM1_UP_TIM10_IRQHandler
                0x08000590                TIM8_UP_TIM13_IRQHandler
                0x08000590                I2C3_ER_IRQHandler
                0x08000590                EXTI0_IRQHandler
                0x08000590                I2C2_EV_IRQHandler
                0x08000590                DMA1_Stream2_IRQHandler
                0x08000590                CAN1_RX0_IRQHandler
                0x08000590                FPU_IRQHandler
                0x08000590                OTG_HS_WKUP_IRQHandler
                0x08000590                UsageFault_Handler
                0x08000590                CAN2_SCE_IRQHandler
                0x08000590                DMA2_Stream2_IRQHandler
                0x08000590                SPI1_IRQHandler
                0x08000590                TIM6_DAC_IRQHandler
                0x08000590                TIM1_BRK_TIM9_IRQHandler
                0x08000590                DCMI_IRQHandler
                0x08000590                CAN2_RX0_IRQHandler
                0x08000590                DMA2_Stream3_IRQHandler
                0x08000590                USART6_IRQHandler
                0x08000590                USART3_IRQHandler
                0x08000590                CRYP_IRQHandler
                0x08000590                CAN1_RX1_IRQHandler
                0x08000590                UART5_IRQHandler
                0x08000590                DMA2_Stream0_IRQHandler
                0x08000590                TIM4_IRQHandler
                0x08000590                I2C1_EV_IRQHandler
                0x08000590                DMA1_Stream6_IRQHandler
                0x08000590                DMA1_Stream1_IRQHandler
                0x08000590                UART4_IRQHandler
                0x08000590                TIM3_IRQHandler
                0x08000590                RCC_IRQHandler
                0x08000590                TIM8_BRK_TIM12_IRQHandler
                0x08000590                EXTI15_10_IRQHandler
                0x08000590                ADC_IRQHandler
                0x08000590                DMA1_Stream7_IRQHandler
                0x08000590                TIM7_IRQHandler
                0x08000590                CAN2_TX_IRQHandler
                0x08000590                TIM5_IRQHandler
                0x08000590                DMA2_Stream7_IRQHandler
                0x08000590                I2C3_EV_IRQHandler
                0x08000590                EXTI9_5_IRQHandler
                0x08000590                RTC_WKUP_IRQHandler
                0x08000590                ETH_WKUP_IRQHandler
                0x08000590                SPI2_IRQHandler
                0x08000590                OTG_HS_EP1_IN_IRQHandler
                0x08000590                MemManage_Handler
                0x08000590                DMA1_Stream0_IRQHandler
                0x08000590                CAN1_TX_IRQHandler
                0x08000590                SVC_Handler
                0x08000590                EXTI4_IRQHandler
                0x08000590                FSMC_IRQHandler
                0x08000590                ETH_IRQHandler
                0x08000590                OTG_HS_EP1_OUT_IRQHandler
                0x08000590                WWDG_IRQHandler
                0x08000590                TIM2_IRQHandler
                0x08000590                OTG_FS_WKUP_IRQHandler
                0x08000590                TIM1_TRG_COM_TIM11_IRQHandler
                0x08000590                OTG_HS_IRQHandler
                0x08000590                EXTI1_IRQHandler
                0x08000590                USART2_IRQHandler
                0x08000590                I2C2_ER_IRQHandler
                0x08000590                DMA2_Stream1_IRQHandler
                0x08000590                CAN1_SCE_IRQHandler
                0x08000590                FLASH_IRQHandler
                0x08000590                DMA2_Stream4_IRQHandler
                0x08000590                BusFault_Handler
                0x08000590                USART1_IRQHandler
                0x08000590                OTG_FS_IRQHandler
                0x08000590                SPI3_IRQHandler
                0x08000590                DMA1_Stream4_IRQHandler
                0x08000590                I2C1_ER_IRQHandler
                0x08000590                DMA2_Stream6_IRQHandler
                0x08000590                DMA1_Stream3_IRQHandler
 .text.main     0x08000598       0x88 ..\obj\main.o
                0x08000598                main
 .text.RCC_AHB1PeriphClockCmd
                0x08000620       0x3c ..\obj\stm32f4xx_rcc.o
                0x08000620                RCC_AHB1PeriphClockCmd
 .text.RCC_AHB3PeriphClockCmd
                0x0800065c       0x3c ..\obj\stm32f4xx_rcc.o
                0x0800065c                RCC_AHB3PeriphClockCmd
 .text.RCC_APB1PeriphClockCmd
                0x08000698       0x3c ..\obj\stm32f4xx_rcc.o
                0x08000698                RCC_APB1PeriphClockCmd
 .text.NVIC_SetPriority
                0x080006d4       0x54 ..\obj\Delay.o
 .text.SysTick_Config
                0x08000728       0x44 ..\obj\Delay.o
 .text.Init_SysTick
                0x0800076c       0x2c ..\obj\Delay.o
                0x0800076c                Init_SysTick
 .text.SysTick_Handler
                0x08000798       0x24 ..\obj\Delay.o
                0x08000798                SysTick_Handler
 .text.Delay_ms
                0x080007bc       0x28 ..\obj\Delay.o
                0x080007bc                Delay_ms
 .text.Chk_Busy
                0x080007e4       0x1c ..\obj\LCD_Functions.o
                0x080007e4                Chk_Busy
 .text.Display_ON
                0x08000800       0x10 ..\obj\LCD_Functions.o
                0x08000800                Display_ON
 .text.Display_OFF
                0x08000810       0x10 ..\obj\LCD_Functions.o
                0x08000810                Display_OFF
 .text.XY_Coordinate
                0x08000820       0x48 ..\obj\LCD_Functions.o
                0x08000820                XY_Coordinate
 .text.LCD_Reset
                0x08000868       0x28 ..\obj\LCD_Functions.o
                0x08000868                LCD_Reset
 .text.Active_Window
                0x08000890       0x94 ..\obj\LCD_Functions.o
                0x08000890                Active_Window
 .text.Text_color
                0x08000924       0x40 ..\obj\LCD_Functions.o
                0x08000924                Text_color
 .text.Geometric_Coordinate
                0x08000964       0x84 ..\obj\LCD_Functions.o
                0x08000964                Geometric_Coordinate
 .text.LCD_Clear
                0x080009e8       0x34 ..\obj\LCD_Functions.o
                0x080009e8                LCD_Clear
 .text.LCD_WriteCmd
                0x08000a1c       0x20 ..\obj\LCD_Interface.o
                0x08000a1c                LCD_WriteCmd
 .text.LCD_WriteData
                0x08000a3c       0x1c ..\obj\LCD_Interface.o
                0x08000a3c                LCD_WriteData
 .text.LCD_WriteReg
                0x08000a58       0x2c ..\obj\LCD_Interface.o
                0x08000a58                LCD_WriteReg
 .text.LCD_StatusRead
                0x08000a84       0x18 ..\obj\LCD_Interface.o
                0x08000a84                LCD_StatusRead
 .text.FSMC_NORSRAMInit
                0x08000a9c      0x134 ..\obj\stm32f4xx_fsmc.o
                0x08000a9c                FSMC_NORSRAMInit
 .text.FSMC_NORSRAMCmd
                0x08000bd0       0x54 ..\obj\stm32f4xx_fsmc.o
                0x08000bd0                FSMC_NORSRAMCmd
 .text.GPIO_Init
                0x08000c24      0x11c ..\obj\stm32f4xx_gpio.o
                0x08000c24                GPIO_Init
 .text.GPIO_SetBits
                0x08000d40       0x1c ..\obj\stm32f4xx_gpio.o
                0x08000d40                GPIO_SetBits
 .text.GPIO_ResetBits
                0x08000d5c       0x1c ..\obj\stm32f4xx_gpio.o
                0x08000d5c                GPIO_ResetBits
 .text.GPIO_PinAFConfig
                0x08000d78       0x90 ..\obj\stm32f4xx_gpio.o
                0x08000d78                GPIO_PinAFConfig
 .text.SystemInit
                0x08000e08       0x58 ..\obj\system_stm32f4xx.o
                0x08000e08                SystemInit
 .text.SetSysClock
                0x08000e60       0xf4 ..\obj\system_stm32f4xx.o
 .text.TIM_TimeBaseInit
                0x08000f54       0xd4 ..\obj\stm32f4xx_tim.o
                0x08000f54                TIM_TimeBaseInit
 .text.TIM_Cmd  0x08001028       0x40 ..\obj\stm32f4xx_tim.o
                0x08001028                TIM_Cmd
 .text.TIM_OC1Init
                0x08001068       0xf4 ..\obj\stm32f4xx_tim.o
                0x08001068                TIM_OC1Init
 .text.TIM_OC1PreloadConfig
                0x0800115c       0x38 ..\obj\stm32f4xx_tim.o
                0x0800115c                TIM_OC1PreloadConfig
 *(.init)
 *(.fini)
 *crtbegin.o(.ctors)
 *crtbegin?.o(.ctors)
 *(EXCLUDE_FILE(*crtend.o *crtend?.o) .ctors)
 *(SORT(.ctors.*))
 *(.ctors)
 *crtbegin.o(.dtors)
 *crtbegin?.o(.dtors)
 *(EXCLUDE_FILE(*crtend.o *crtend?.o) .dtors)
 *(SORT(.dtors.*))
 *(.dtors)
 *(.rodata*)
 *(.eh_fram e*)

.glue_7         0x08001194        0x0
 .glue_7        0x00000000        0x0 linker stubs

.glue_7t        0x08001194        0x0
 .glue_7t       0x00000000        0x0 linker stubs

.vfp11_veneer   0x08001194        0x0
 .vfp11_veneer  0x00000000        0x0 linker stubs

.v4_bx          0x08001194        0x0
 .v4_bx         0x00000000        0x0 linker stubs

.iplt           0x08001194        0x0
 .iplt          0x00000000        0x0 ..\obj\LCD_Config.o

.rel.dyn        0x08001194        0x0
 .rel.iplt      0x00000000        0x0 ..\obj\LCD_Config.o

.ARM.extab
 *(.ARM.extab* .gnu.linkonce.armextab.*)
                0x08001194                __exidx_start = .

.ARM.exidx
 *(.ARM.exidx* .gnu.linkonce.armexidx.*)
                0x08001194                __exidx_end = .
                0x08001194                __etext = .
                0x08001194                _sidata = __etext

.data           0x20000000       0x14 load address 0x08001194
                0x20000000                __data_start__ = .
                0x20000000                _sdata = __data_start__
 *(vtable)
 *(.data*)
 .data          0x20000000       0x14 ..\obj\system_stm32f4xx.o
                0x20000000                SystemCoreClock
                0x20000004                AHBPrescTable
                0x20000014                . = ALIGN (0x4)
                0x20000014                PROVIDE (__preinit_array_start, .)
 *(.preinit_array)
                0x20000014                PROVIDE (__preinit_array_end, .)
                0x20000014                . = ALIGN (0x4)
                0x20000014                PROVIDE (__init_array_start, .)
 *(SORT(.init_array.*))
 *(.init_array)
                0x20000014                PROVIDE (__init_array_end, .)
                0x20000014                . = ALIGN (0x4)
                0x20000014                PROVIDE (__fini_array_start, .)
 *(SORT(.fini_array.*))
 *(.fini_array)
                0x20000014                PROVIDE (__fini_array_end, .)
 *(.jcr*)
                0x20000014                . = ALIGN (0x4)
                0x20000014                __data_end__ = .
                0x20000014                _edata = __data_end__

.igot.plt       0x20000014        0x0 load address 0x080011a8
 .igot.plt      0x00000000        0x0 ..\obj\LCD_Config.o

.bss            0x20000014        0x4 load address 0x080011a8
                0x20000014                . = ALIGN (0x4)
                0x20000014                __bss_start__ = .
                0x20000014                _sbss = __bss_start__
 *(.bss*)
 *(COMMON)
 COMMON         0x20000014        0x4 ..\obj\Delay.o
                0x20000014                delayTime
                0x20000018                . = ALIGN (0x4)
                0x20000018                __bss_end__ = .
                0x20000018                _ebss = __bss_end__

.heap           0x20000018        0x0
                0x20000018                __end__ = .
                0x20000018                _end = __end__
                0x20000018                end = __end__
 *(.heap*)
                0x20000018                __HeapLimit = .

.co_stack       0x20000018      0x800 load address 0x080011ac
                0x20000018                . = ALIGN (0x8)
 *(.co_stack .co_stack.*)
 .co_stack      0x20000018      0x800 ..\obj\startup_stm32f4xx.o
                0x20000018                pulStack
                0x20020000                __StackTop = (ORIGIN (ram) + 0x20000)
                0x2001f800                __StackLimit = (__StackTop - SIZEOF (.co_stack))
                0x20020000                PROVIDE (__stack, __StackTop)
                0x00000001                ASSERT ((__StackLimit >= __HeapLimit), region ram  overflowed with stack)
LOAD ..\obj\LCD_Config.o
LOAD ..\obj\startup_stm32f4xx.o
LOAD ..\obj\main.o
LOAD ..\obj\stm32f4xx_rcc.o
LOAD ..\obj\Test.o
LOAD ..\obj\Delay.o
LOAD ..\obj\LCD_Functions.o
LOAD ..\obj\LCD_Interface.o
LOAD ..\obj\stm32f4xx_fsmc.o
LOAD ..\obj\stm32f4xx_gpio.o
LOAD ..\obj\stm32f4xx_flash.o
LOAD ..\obj\system_stm32f4xx.o
LOAD ..\obj\syscalls.o
LOAD ..\obj\misc.o
LOAD ..\obj\stm32f4xx_tim.o
START GROUP
LOAD c:/program files (x86)/gnu tools arm embedded/4.9 2015q1/bin/../lib/gcc/arm-none-eabi/4.9.3/armv7e-m\libgcc.a
LOAD c:/program files (x86)/gnu tools arm embedded/4.9 2015q1/bin/../lib/gcc/arm-none-eabi/4.9.3/../../../../arm-none-eabi/lib/armv7e-m\libg.a
LOAD c:/program files (x86)/gnu tools arm embedded/4.9 2015q1/bin/../lib/gcc/arm-none-eabi/4.9.3/../../../../arm-none-eabi/lib/armv7e-m\libc.a
END GROUP
OUTPUT(Prueba1.elf elf32-littlearm)

.debug_info     0x00000000     0x54c6
 .debug_info    0x00000000      0x803 ..\obj\LCD_Config.o
 .debug_info    0x00000803       0xed ..\obj\startup_stm32f4xx.o
 .debug_info    0x000008f0      0x105 ..\obj\main.o
 .debug_info    0x000009f5      0xc4d ..\obj\stm32f4xx_rcc.o
 .debug_info    0x00001642      0x6de ..\obj\Delay.o
 .debug_info    0x00001d20      0x537 ..\obj\LCD_Functions.o
 .debug_info    0x00002257      0x185 ..\obj\LCD_Interface.o
 .debug_info    0x000023dc      0x8f5 ..\obj\stm32f4xx_fsmc.o
 .debug_info    0x00002cd1      0x602 ..\obj\stm32f4xx_gpio.o
 .debug_info    0x000032d3      0x592 ..\obj\system_stm32f4xx.o
 .debug_info    0x00003865     0x1c61 ..\obj\stm32f4xx_tim.o

.debug_abbrev   0x00000000      0xed0
 .debug_abbrev  0x00000000      0x1da ..\obj\LCD_Config.o
 .debug_abbrev  0x000001da       0xb0 ..\obj\startup_stm32f4xx.o
 .debug_abbrev  0x0000028a       0x90 ..\obj\main.o
 .debug_abbrev  0x0000031a      0x1e3 ..\obj\stm32f4xx_rcc.o
 .debug_abbrev  0x000004fd      0x1a6 ..\obj\Delay.o
 .debug_abbrev  0x000006a3      0x181 ..\obj\LCD_Functions.o
 .debug_abbrev  0x00000824       0xdc ..\obj\LCD_Interface.o
 .debug_abbrev  0x00000900      0x170 ..\obj\stm32f4xx_fsmc.o
 .debug_abbrev  0x00000a70      0x1a3 ..\obj\stm32f4xx_gpio.o
 .debug_abbrev  0x00000c13      0x136 ..\obj\system_stm32f4xx.o
 .debug_abbrev  0x00000d49      0x187 ..\obj\stm32f4xx_tim.o

.debug_aranges  0x00000000      0x7e0
 .debug_aranges
                0x00000000       0x60 ..\obj\LCD_Config.o
 .debug_aranges
                0x00000060       0x28 ..\obj\startup_stm32f4xx.o
 .debug_aranges
                0x00000088       0x20 ..\obj\main.o
 .debug_aranges
                0x000000a8      0x178 ..\obj\stm32f4xx_rcc.o
 .debug_aranges
                0x00000220       0x40 ..\obj\Delay.o
 .debug_aranges
                0x00000260       0xd8 ..\obj\LCD_Functions.o
 .debug_aranges
                0x00000338       0x48 ..\obj\LCD_Interface.o
 .debug_aranges
                0x00000380       0xb0 ..\obj\stm32f4xx_fsmc.o
 .debug_aranges
                0x00000430       0x88 ..\obj\stm32f4xx_gpio.o
 .debug_aranges
                0x000004b8       0x30 ..\obj\system_stm32f4xx.o
 .debug_aranges
                0x000004e8      0x2f8 ..\obj\stm32f4xx_tim.o

.debug_ranges   0x00000000      0x730
 .debug_ranges  0x00000000       0x50 ..\obj\LCD_Config.o
 .debug_ranges  0x00000050       0x18 ..\obj\startup_stm32f4xx.o
 .debug_ranges  0x00000068       0x10 ..\obj\main.o
 .debug_ranges  0x00000078      0x168 ..\obj\stm32f4xx_rcc.o
 .debug_ranges  0x000001e0       0x30 ..\obj\Delay.o
 .debug_ranges  0x00000210       0xc8 ..\obj\LCD_Functions.o
 .debug_ranges  0x000002d8       0x38 ..\obj\LCD_Interface.o
 .debug_ranges  0x00000310       0xa0 ..\obj\stm32f4xx_fsmc.o
 .debug_ranges  0x000003b0       0x78 ..\obj\stm32f4xx_gpio.o
 .debug_ranges  0x00000428       0x20 ..\obj\system_stm32f4xx.o
 .debug_ranges  0x00000448      0x2e8 ..\obj\stm32f4xx_tim.o

.debug_line     0x00000000     0x23d3
 .debug_line    0x00000000      0x2d3 ..\obj\LCD_Config.o
 .debug_line    0x000002d3       0x8a ..\obj\startup_stm32f4xx.o
 .debug_line    0x0000035d      0x161 ..\obj\main.o
 .debug_line    0x000004be      0x554 ..\obj\stm32f4xx_rcc.o
 .debug_line    0x00000a12      0x1de ..\obj\Delay.o
 .debug_line    0x00000bf0      0x35f ..\obj\LCD_Functions.o
 .debug_line    0x00000f4f      0x19b ..\obj\LCD_Interface.o
 .debug_line    0x000010ea      0x407 ..\obj\stm32f4xx_fsmc.o
 .debug_line    0x000014f1      0x2f6 ..\obj\stm32f4xx_gpio.o
 .debug_line    0x000017e7      0x1cf ..\obj\system_stm32f4xx.o
 .debug_line    0x000019b6      0xa1d ..\obj\stm32f4xx_tim.o

.debug_str      0x00000000     0x26ab
 .debug_str     0x00000000      0x784 ..\obj\LCD_Config.o
                                0x7ea (size before relaxing)
 .debug_str     0x00000784       0x99 ..\obj\startup_stm32f4xx.o
                                0x130 (size before relaxing)
 .debug_str     0x0000081d       0x42 ..\obj\main.o
                                0x17e (size before relaxing)
 .debug_str     0x0000085f      0x648 ..\obj\stm32f4xx_rcc.o
                                0x839 (size before relaxing)
 .debug_str     0x00000ea7      0x63c ..\obj\Delay.o
                                0x7c1 (size before relaxing)
 .debug_str     0x000014e3      0x171 ..\obj\LCD_Functions.o
                                0x34b (size before relaxing)
 .debug_str     0x00001654       0x74 ..\obj\LCD_Interface.o
                                0x1da (size before relaxing)
 .debug_str     0x000016c8      0x3e1 ..\obj\stm32f4xx_fsmc.o
                                0x773 (size before relaxing)
 .debug_str     0x00001aa9      0x187 ..\obj\stm32f4xx_gpio.o
                                0x48c (size before relaxing)
 .debug_str     0x00001c30       0x9d ..\obj\system_stm32f4xx.o
                                0x393 (size before relaxing)
 .debug_str     0x00001ccd      0x9de ..\obj\stm32f4xx_tim.o
                                0xdb9 (size before relaxing)

.comment        0x00000000       0x70
 .comment       0x00000000       0x70 ..\obj\LCD_Config.o
                                 0x71 (size before relaxing)
 .comment       0x00000000       0x71 ..\obj\startup_stm32f4xx.o
 .comment       0x00000000       0x71 ..\obj\main.o
 .comment       0x00000000       0x71 ..\obj\stm32f4xx_rcc.o
 .comment       0x00000000       0x71 ..\obj\Delay.o
 .comment       0x00000000       0x71 ..\obj\LCD_Functions.o
 .comment       0x00000000       0x71 ..\obj\LCD_Interface.o
 .comment       0x00000000       0x71 ..\obj\stm32f4xx_fsmc.o
 .comment       0x00000000       0x71 ..\obj\stm32f4xx_gpio.o
 .comment       0x00000000       0x71 ..\obj\system_stm32f4xx.o
 .comment       0x00000000       0x71 ..\obj\stm32f4xx_tim.o

.ARM.attributes
                0x00000000       0x33
 .ARM.attributes
                0x00000000       0x33 ..\obj\LCD_Config.o
 .ARM.attributes
                0x00000033       0x33 ..\obj\startup_stm32f4xx.o
 .ARM.attributes
                0x00000066       0x33 ..\obj\main.o
 .ARM.attributes
                0x00000099       0x33 ..\obj\stm32f4xx_rcc.o
 .ARM.attributes
                0x000000cc       0x33 ..\obj\Delay.o
 .ARM.attributes
                0x000000ff       0x33 ..\obj\LCD_Functions.o
 .ARM.attributes
                0x00000132       0x33 ..\obj\LCD_Interface.o
 .ARM.attributes
                0x00000165       0x33 ..\obj\stm32f4xx_fsmc.o
 .ARM.attributes
                0x00000198       0x33 ..\obj\stm32f4xx_gpio.o
 .ARM.attributes
                0x000001cb       0x33 ..\obj\system_stm32f4xx.o
 .ARM.attributes
                0x000001fe       0x33 ..\obj\stm32f4xx_tim.o

.debug_frame    0x00000000     0x2184
 .debug_frame   0x00000000      0x148 ..\obj\LCD_Config.o
 .debug_frame   0x00000148       0x4c ..\obj\startup_stm32f4xx.o
 .debug_frame   0x00000194       0x30 ..\obj\main.o
 .debug_frame   0x000001c4      0x6d4 ..\obj\stm32f4xx_rcc.o
 .debug_frame   0x00000898       0xc0 ..\obj\Delay.o
 .debug_frame   0x00000958      0x338 ..\obj\LCD_Functions.o
 .debug_frame   0x00000c90       0xe8 ..\obj\LCD_Interface.o
 .debug_frame   0x00000d78      0x300 ..\obj\stm32f4xx_fsmc.o
 .debug_frame   0x00001078      0x23c ..\obj\stm32f4xx_gpio.o
 .debug_frame   0x000012b4       0x7c ..\obj\system_stm32f4xx.o
 .debug_frame   0x00001330      0xe54 ..\obj\stm32f4xx_tim.o
